// Jest Snapshot v1, https://goo.gl/fbAQLP

exports[`NAV should match the Nav Snapshot 1`] = `
<nav>
  <h2>
    Weather Station
  </h2>
  <ul
    className="nav-links"
  >
    <Link
      style={
        Object {
          "color": "white",
          "textDecoration": "none",
        }
      }
      to="/current-conditions"
    >
      <li>
        Current Conditions
        <img
          src="currentConditions.svg"
        />
      </li>
    </Link>
    <Link
      style={
        Object {
          "color": "white",
          "textDecoration": "none",
        }
      }
      to="/future-outlook"
    >
      <li>
        Future Outlook 
        <img
          src="futureOutlook.svg"
        />
      </li>
    </Link>
    <Link
      style={
        Object {
          "color": "white",
          "textDecoration": "none",
        }
      }
      to="/"
    >
      <li>
        Home 
        <img
          src="home.svg"
        />
      </li>
    </Link>
  </ul>
</nav>
`;
