// Jest Snapshot v1, https://goo.gl/fbAQLP

exports[`NAV should match the Nav Snapshot 1`] = `
<nav>
  <h2>
    Weather Station
  </h2>
  <ul
    className="nav-links"
  >
    <Link
      to="/current-conditions"
    >
      <li>
        Current Conditions
      </li>
    </Link>
    <Link
      to="/future-outlook"
    >
      <li>
        Future Outlook
      </li>
    </Link>
    <Link
      to="/"
    >
      <li>
        Home
      </li>
    </Link>
  </ul>
</nav>
`;
