// Jest Snapshot v1, https://goo.gl/fbAQLP

exports[`APP should match the App Snapshot 1`] = `
<BrowserRouter>
  <div
    className="app"
  >
    <Nav />
    <Switch>
      <Route
        exact={true}
        path="/"
        render={[Function]}
      />
      <Route
        component={
          Object {
            "$$typeof": Symbol(react.memo),
            "WrappedComponent": [Function],
            "compare": null,
            "displayName": "Connect(Favorites)",
            "type": [Function],
          }
        }
        path="/current-conditions"
      />
      <Route
        component={[Function]}
        path="/future-outlook"
      />
      <h1>
        Find Your Weather Station and Latitude Longitude
      </h1>
    </Switch>
  </div>
</BrowserRouter>
`;
